2026-05-13T15:08:29+02:00 CRITICAL ================================================================
[2026-05-13 13:08:29] CRITIQUE Erreur fatale
----------------------------------------------------------------
Message : syntax error, unexpected identifier "width", expecting "," or ";"
Fichier : C:\wamp64\www\sells-studio-stage\wp-content\plugins\oxygen\component-framework\components\layouts\code-block.php(33) : eval()'d code:3
Statut : FAILED
================================================================
2026-05-13T15:08:29+02:00 CRITICAL ================================================================
[2026-05-13 13:08:29] CRITIQUE Erreur fatale
----------------------------------------------------------------
Message : syntax error, unexpected identifier "width", expecting "," or ";"
Fichier : C:\wamp64\www\sells-studio-stage\wp-content\plugins\oxygen\component-framework\components\layouts\code-block.php(33) : eval()'d code:3
Statut : FAILED
================================================================
2026-05-13T15:08:29+02:00 CRITICAL ================================================================
[2026-05-13 13:08:29] CRITIQUE Erreur fatale
----------------------------------------------------------------
Message : syntax error, unexpected identifier "width", expecting "," or ";"
Fichier : C:\wamp64\www\sells-studio-stage\wp-content\plugins\oxygen\component-framework\components\layouts\code-block.php(33) : eval()'d code:3
Statut : FAILED
================================================================
2026-05-13T15:08:29+02:00 CRITICAL ================================================================
[2026-05-13 13:08:29] CRITIQUE Erreur fatale
----------------------------------------------------------------
Message : syntax error, unexpected identifier "width", expecting "," or ";"
Fichier : C:\wamp64\www\sells-studio-stage\wp-content\plugins\oxygen\component-framework\components\layouts\code-block.php(33) : eval()'d code:3
Statut : FAILED
================================================================
